Source: TestGolden_DbUser_MultipleRoles (mongodb/golden_test.go)
Command: createUser
Database: admin
Body:
{}

Source: TestGolden_DbUser_MultipleRoles (mongodb/golden_test.go)
Command: usersInfo
Database: admin
Body:
{
  "usersInfo": {
    "user": "golden_backend_svc",
    "db": "admin"
  }
}

Source: TestGolden_DbUser_MultipleRoles (mongodb/golden_test.go)
Command: dropUser
Database: admin
Body:
{
  "dropUser": "golden_backend_svc"
}

Source: TestGolden_DbUser_MultipleRoles (mongodb/golden_test.go)
Command: createUser
Database: admin
Body:
{}

Source: TestGolden_DbUser_MultipleRoles (mongodb/golden_test.go)
Command: usersInfo
Database: admin
Body:
{
  "usersInfo": {
    "user": "golden_backend_svc",
    "db": "admin"
  }
}

Source: TestGolden_DbUser_MultipleRoles (mongodb/golden_test.go)
Command: dropUser
Database: admin
Body:
{
  "dropUser": "golden_backend_svc"
}
