Source: TestGolden_DbUser_Import (mongodb/golden_test.go)
Command: createUser
Database: admin
Body:
{
  "createUser": "golden_existing_user",
  "pwd": "[REDACTED]",
  "roles": [
    {
      "role": "readWriteAnyDatabase",
      "db": "admin"
    }
  ]
}

Source: TestGolden_DbUser_Import (mongodb/golden_test.go)
Command: usersInfo
Database: admin
Body:
{
  "usersInfo": {
    "user": "golden_existing_user",
    "db": "admin"
  }
}

Source: TestGolden_DbUser_Import (mongodb/golden_test.go)
Command: dropUser
Database: admin
Body:
{
  "dropUser": "golden_existing_user"
}
