Source: TestGolden_Shard_AddRemove (mongodb/golden_test.go)
Command: addShard
Database: admin
Body:
{
  "addShard": "shard03/shard03svr0:27018"
}

Source: TestGolden_Shard_AddRemove (mongodb/golden_test.go)
Command: listShards
Database: admin
Body:
{
  "listShards": 1
}

Source: TestGolden_Shard_AddRemove (mongodb/golden_test.go)
Command: removeShard
Database: admin
Body:
{
  "removeShard": "shard03"
}

Source: TestGolden_Shard_AddRemove (mongodb/golden_test.go)
Command: removeShard
Database: admin
Body:
{
  "removeShard": "shard03"
}

Source: TestGolden_Shard_AddRemove (mongodb/golden_test.go)
Command: listShards
Database: admin
Body:
{
  "listShards": 1
}
